Generating map for 'Haraldo Albergaria'
1541 photos in the photostream
Extracting photo coordinates and ids...
Batch 1/4 | 490 photo(s) in 242 marker(s)
Batch 2/4 | 982 photo(s) in 576 marker(s)
Batch 3/4 | 1403 photo(s) in 739 marker(s)
Batch 4/4 | 1425 photo(s) in 757 marker(s)
Adding marker(s) to map...
757 new marker(s) will be added to the map
Added marker 1/757
Added marker 2/757
Added marker 3/757
Added marker 4/757
Added marker 5/757
Added marker 6/757
Added marker 7/757
Added marker 8/757
Added marker 9/757
Added marker 10/757
Added marker 11/757
Added marker 12/757
Added marker 13/757
Added marker 14/757
Added marker 15/757
Added marker 16/757
Added marker 17/757
Added marker 18/757
Added marker 19/757
Added marker 20/757
Added marker 21/757
Added marker 22/757
Added marker 23/757
Added marker 24/757
Added marker 25/757
Added marker 26/757
Added marker 27/757
Added marker 28/757
Added marker 29/757
Added marker 30/757
Added marker 31/757
Added marker 32/757
Added marker 33/757
Added marker 34/757
Added marker 35/757
Added marker 36/757
Added marker 37/757
Added marker 38/757
Added marker 39/757
Added marker 40/757
Added marker 41/757
Added marker 42/757
Added marker 43/757
Added marker 44/757
Added marker 45/757
Added marker 46/757
Added marker 47/757
Added marker 48/757
Added marker 49/757
Added marker 50/757
Added marker 51/757
Added marker 52/757
Added marker 53/757
Added marker 54/757
Added marker 55/757
Added marker 56/757
Added marker 57/757
Added marker 58/757
Added marker 59/757
Added marker 60/757
Added marker 61/757
Added marker 62/757
Added marker 63/757
Added marker 64/757
Added marker 65/757
Added marker 66/757
Added marker 67/757
Added marker 68/757
Added marker 69/757
Added marker 70/757
Added marker 71/757
Added marker 72/757
Added marker 73/757
Added marker 74/757
Added marker 75/757
Added marker 76/757
Added marker 77/757
Added marker 78/757
Added marker 79/757
Added marker 80/757
Added marker 81/757
Added marker 82/757
Added marker 83/757
Added marker 84/757
Added marker 85/757
Added marker 86/757
Added marker 87/757
Added marker 88/757
Added marker 89/757
Added marker 90/757
Added marker 91/757
Added marker 92/757
Added marker 93/757
Added marker 94/757
Added marker 95/757
Added marker 96/757
Added marker 97/757
Added marker 98/757
Added marker 99/757
Added marker 100/757
Added marker 101/757
Added marker 102/757
Added marker 103/757
Added marker 104/757
Added marker 105/757
Added marker 106/757
Added marker 107/757
Added marker 108/757
Added marker 109/757
Added marker 110/757
Added marker 111/757
Added marker 112/757
Added marker 113/757
Added marker 114/757
Added marker 115/757
Added marker 116/757
Added marker 117/757
Added marker 118/757
Added marker 119/757
Added marker 120/757
Added marker 121/757
Added marker 122/757
Added marker 123/757
Added marker 124/757
Added marker 125/757
Added marker 126/757
Added marker 127/757
Added marker 128/757
Added marker 129/757
Added marker 130/757
Added marker 131/757
Added marker 132/757
Added marker 133/757
Added marker 134/757
Added marker 135/757
Added marker 136/757
Added marker 137/757
Added marker 138/757
Added marker 139/757
Added marker 140/757
Added marker 141/757
Added marker 142/757
Added marker 143/757
Added marker 144/757
Added marker 145/757
Added marker 146/757
Added marker 147/757
Added marker 148/757
Added marker 149/757
Added marker 150/757
Added marker 151/757
Added marker 152/757
Added marker 153/757
Added marker 154/757
Added marker 155/757
Added marker 156/757
Added marker 157/757
Added marker 158/757
Added marker 159/757
Added marker 160/757
Added marker 161/757
Added marker 162/757
Added marker 163/757
Added marker 164/757
Added marker 165/757
Added marker 166/757
Added marker 167/757
Added marker 168/757
Added marker 169/757
Added marker 170/757
Added marker 171/757
Added marker 172/757
Added marker 173/757
Added marker 174/757
Added marker 175/757
Added marker 176/757
Added marker 177/757
Added marker 178/757
Added marker 179/757
Added marker 180/757
Added marker 181/757
Added marker 182/757
Added marker 183/757
Added marker 184/757
Added marker 185/757
Added marker 186/757
Added marker 187/757
Added marker 188/757
Added marker 189/757
Added marker 190/757
Added marker 191/757
Added marker 192/757
Added marker 193/757
Added marker 194/757
Added marker 195/757
Added marker 196/757
Added marker 197/757
Added marker 198/757
Added marker 199/757
Added marker 200/757
Added marker 201/757
Added marker 202/757
Added marker 203/757
Added marker 204/757
Added marker 205/757
Added marker 206/757
Added marker 207/757
Added marker 208/757
Added marker 209/757
Added marker 210/757
Added marker 211/757
Added marker 212/757
Added marker 213/757
Added marker 214/757
Added marker 215/757
Added marker 216/757
Added marker 217/757
Added marker 218/757
Added marker 219/757
Added marker 220/757
Added marker 221/757
Added marker 222/757
Added marker 223/757
Added marker 224/757
Added marker 225/757
Added marker 226/757
Added marker 227/757
Added marker 228/757
Added marker 229/757
Added marker 230/757
Added marker 231/757
Added marker 232/757
Added marker 233/757
Added marker 234/757
Added marker 235/757
Added marker 236/757
Added marker 237/757
Added marker 238/757
Added marker 239/757
Added marker 240/757
Added marker 241/757
Added marker 242/757
Added marker 243/757
Added marker 244/757
Added marker 245/757
Added marker 246/757
Added marker 247/757
Added marker 248/757
Added marker 249/757
Added marker 250/757
Added marker 251/757
Added marker 252/757
Added marker 253/757
Added marker 254/757
Added marker 255/757
Added marker 256/757
Added marker 257/757
Added marker 258/757
Added marker 259/757
Added marker 260/757
Added marker 261/757
Added marker 262/757
Added marker 263/757
Added marker 264/757
Added marker 265/757
Added marker 266/757
Added marker 267/757
Added marker 268/757
Added marker 269/757
Added marker 270/757
Added marker 271/757
Added marker 272/757
Added marker 273/757
Added marker 274/757
Added marker 275/757
Added marker 276/757
Added marker 277/757
Added marker 278/757
Added marker 279/757
Added marker 280/757
Added marker 281/757
Added marker 282/757
Added marker 283/757
Added marker 284/757
Added marker 285/757
Added marker 286/757
Added marker 287/757
Added marker 288/757
Added marker 289/757
Added marker 290/757
Added marker 291/757
Added marker 292/757
Added marker 293/757
Added marker 294/757
Added marker 295/757
Added marker 296/757
Added marker 297/757
Added marker 298/757
Added marker 299/757
Added marker 300/757
Added marker 301/757
Added marker 302/757
Added marker 303/757
Added marker 304/757
Added marker 305/757
Added marker 306/757
Added marker 307/757
Added marker 308/757
Added marker 309/757
Added marker 310/757
Added marker 311/757
Added marker 312/757
Added marker 313/757
Added marker 314/757
Added marker 315/757
Added marker 316/757
Added marker 317/757
Added marker 318/757
Added marker 319/757
Added marker 320/757
Added marker 321/757
Added marker 322/757
Added marker 323/757
Added marker 324/757
Added marker 325/757
Added marker 326/757
Added marker 327/757
Added marker 328/757
Added marker 329/757
Added marker 330/757
Added marker 331/757
Added marker 332/757
Added marker 333/757
Added marker 334/757
Added marker 335/757
Added marker 336/757
Added marker 337/757
Added marker 338/757
Added marker 339/757
Added marker 340/757
Added marker 341/757
Added marker 342/757
Added marker 343/757
Added marker 344/757
Added marker 345/757
Added marker 346/757
Added marker 347/757
Added marker 348/757
Added marker 349/757
Added marker 350/757
Added marker 351/757
Added marker 352/757
Added marker 353/757
Added marker 354/757
Added marker 355/757
Added marker 356/757
Added marker 357/757
Added marker 358/757
Added marker 359/757
Added marker 360/757
Added marker 361/757
Added marker 362/757
Added marker 363/757
Added marker 364/757
Added marker 365/757
Added marker 366/757
Added marker 367/757
Added marker 368/757
Added marker 369/757
Added marker 370/757
Added marker 371/757
Added marker 372/757
Added marker 373/757
Added marker 374/757
Added marker 375/757
Added marker 376/757
Added marker 377/757
Added marker 378/757
Added marker 379/757
Added marker 380/757
Added marker 381/757
Added marker 382/757
Added marker 383/757
Added marker 384/757
Added marker 385/757
Added marker 386/757
Added marker 387/757
Added marker 388/757
Added marker 389/757
Added marker 390/757
Added marker 391/757
Added marker 392/757
Added marker 393/757
Added marker 394/757
Added marker 395/757
Added marker 396/757
Added marker 397/757
Added marker 398/757
Added marker 399/757
Added marker 400/757
Added marker 401/757
Added marker 402/757
Added marker 403/757
Added marker 404/757
Added marker 405/757
Added marker 406/757
Added marker 407/757
Added marker 408/757
Added marker 409/757
Added marker 410/757
Added marker 411/757
Added marker 412/757
Added marker 413/757
Added marker 414/757
Added marker 415/757
Added marker 416/757
Added marker 417/757
Added marker 418/757
Added marker 419/757
Added marker 420/757
Added marker 421/757
Added marker 422/757
Added marker 423/757
Added marker 424/757
Added marker 425/757
Added marker 426/757
Added marker 427/757
Added marker 428/757
Added marker 429/757
Added marker 430/757
Added marker 431/757
Added marker 432/757
Added marker 433/757
Added marker 434/757
Added marker 435/757
Added marker 436/757
Added marker 437/757
Added marker 438/757
Added marker 439/757
Added marker 440/757
Added marker 441/757
Added marker 442/757
Added marker 443/757
Added marker 444/757
Added marker 445/757
Added marker 446/757
Added marker 447/757
Added marker 448/757
Added marker 449/757
Added marker 450/757
Added marker 451/757
Added marker 452/757
Added marker 453/757
Added marker 454/757
Added marker 455/757
Added marker 456/757
Added marker 457/757
Added marker 458/757
Added marker 459/757
Added marker 460/757
Added marker 461/757
Added marker 462/757
Added marker 463/757
Added marker 464/757
Added marker 465/757
Added marker 466/757
Added marker 467/757
Added marker 468/757
Added marker 469/757
Added marker 470/757
Added marker 471/757
Added marker 472/757
Added marker 473/757
Added marker 474/757
Added marker 475/757
Added marker 476/757
Added marker 477/757
Added marker 478/757
Added marker 479/757
Added marker 480/757
Added marker 481/757
Added marker 482/757
Added marker 483/757
Added marker 484/757
Added marker 485/757
Added marker 486/757
Added marker 487/757
Added marker 488/757
Added marker 489/757
Added marker 490/757
Added marker 491/757
Added marker 492/757
Added marker 493/757
Added marker 494/757
Added marker 495/757
Added marker 496/757
Added marker 497/757
Added marker 498/757
Added marker 499/757
Added marker 500/757
Added marker 501/757
Added marker 502/757
Added marker 503/757
Added marker 504/757
Added marker 505/757
Added marker 506/757
Added marker 507/757
Added marker 508/757
Added marker 509/757
Added marker 510/757
Added marker 511/757
Added marker 512/757
Added marker 513/757
Added marker 514/757
Added marker 515/757
Added marker 516/757
Added marker 517/757
Added marker 518/757
Added marker 519/757
Added marker 520/757
Added marker 521/757
Added marker 522/757
Added marker 523/757
Added marker 524/757
Added marker 525/757
Added marker 526/757
Added marker 527/757
Added marker 528/757
Added marker 529/757
Added marker 530/757
Added marker 531/757
Added marker 532/757
Added marker 533/757
Added marker 534/757
Added marker 535/757
Added marker 536/757
Added marker 537/757
Added marker 538/757
Added marker 539/757
Added marker 540/757
Added marker 541/757
Added marker 542/757
Added marker 543/757
Added marker 544/757
Added marker 545/757
Added marker 546/757
Added marker 547/757
Added marker 548/757
Added marker 549/757
Added marker 550/757
Added marker 551/757
Added marker 552/757
Added marker 553/757
Added marker 554/757
Added marker 555/757
Added marker 556/757
Added marker 557/757
Added marker 558/757
Added marker 559/757
Added marker 560/757
Added marker 561/757
Added marker 562/757
Added marker 563/757
Added marker 564/757
Added marker 565/757
Added marker 566/757
Added marker 567/757
Added marker 568/757
Added marker 569/757
Added marker 570/757
Added marker 571/757
Added marker 572/757
Added marker 573/757
Added marker 574/757
Added marker 575/757
Added marker 576/757
Added marker 577/757
Added marker 578/757
Added marker 579/757
Added marker 580/757
Added marker 581/757
Added marker 582/757
Added marker 583/757
Added marker 584/757
Added marker 585/757
Added marker 586/757
Added marker 587/757
Added marker 588/757
Added marker 589/757
Added marker 590/757
Added marker 591/757
Added marker 592/757
Added marker 593/757
Added marker 594/757
Added marker 595/757
Added marker 596/757
Added marker 597/757
Added marker 598/757
Added marker 599/757
Added marker 600/757
Added marker 601/757
Added marker 602/757
Added marker 603/757
Added marker 604/757
Added marker 605/757
Added marker 606/757
Added marker 607/757
Added marker 608/757
Added marker 609/757
Added marker 610/757
Added marker 611/757
Added marker 612/757
Added marker 613/757
Added marker 614/757
Added marker 615/757
Added marker 616/757
Added marker 617/757
Added marker 618/757
Added marker 619/757
Added marker 620/757
Added marker 621/757
Added marker 622/757
Added marker 623/757
Added marker 624/757
Added marker 625/757
Added marker 626/757
Added marker 627/757
Added marker 628/757
Added marker 629/757
Added marker 630/757
Added marker 631/757
Added marker 632/757
Added marker 633/757
Added marker 634/757
Added marker 635/757
Added marker 636/757
Added marker 637/757
Added marker 638/757
Added marker 639/757
Added marker 640/757
Added marker 641/757
Added marker 642/757
Added marker 643/757
Added marker 644/757
Added marker 645/757
Added marker 646/757
Added marker 647/757
Added marker 648/757
Added marker 649/757
Added marker 650/757
Added marker 651/757
Added marker 652/757
Added marker 653/757
Added marker 654/757
Added marker 655/757
Added marker 656/757
Added marker 657/757
Added marker 658/757
Added marker 659/757
Added marker 660/757
Added marker 661/757
Added marker 662/757
Added marker 663/757
Added marker 664/757
Added marker 665/757
Added marker 666/757
Added marker 667/757
Added marker 668/757
Added marker 669/757
Added marker 670/757
Added marker 671/757
Added marker 672/757
Added marker 673/757
Added marker 674/757
Added marker 675/757
Added marker 676/757
Added marker 677/757
Added marker 678/757
Added marker 679/757
Added marker 680/757
Added marker 681/757
Added marker 682/757
Added marker 683/757
Added marker 684/757
Added marker 685/757
Added marker 686/757
Added marker 687/757
Added marker 688/757
Added marker 689/757
Added marker 690/757
Added marker 691/757
Added marker 692/757
Added marker 693/757
Added marker 694/757
Added marker 695/757
Added marker 696/757
Added marker 697/757
Added marker 698/757
Added marker 699/757
Added marker 700/757
Added marker 701/757
Added marker 702/757
Added marker 703/757
Added marker 704/757
Added marker 705/757
Added marker 706/757
Added marker 707/757
Added marker 708/757
Added marker 709/757
Added marker 710/757
Added marker 711/757
Added marker 712/757
Added marker 713/757
Added marker 714/757
Added marker 715/757
Added marker 716/757
Added marker 717/757
Added marker 718/757
Added marker 719/757
Added marker 720/757
Added marker 721/757
Added marker 722/757
Added marker 723/757
Added marker 724/757
Added marker 725/757
Added marker 726/757
Added marker 727/757
Added marker 728/757
Added marker 729/757
Added marker 730/757
Added marker 731/757
Added marker 732/757
Added marker 733/757
Added marker 734/757
Added marker 735/757
Added marker 736/757
Added marker 737/757
Added marker 738/757
Added marker 739/757
Added marker 740/757
Added marker 741/757
Added marker 742/757
Added marker 743/757
Added marker 744/757
Added marker 745/757
Added marker 746/757
Added marker 747/757
Added marker 748/757
Added marker 749/757
Added marker 750/757
Added marker 751/757
Added marker 752/757
Added marker 753/757
Added marker 754/757
Added marker 755/757
Added marker 756/757
Added marker 757/757
Finished!
